../Core/Src/main.c:94:5:main	8	static
../Core/Src/main.c:143:6:SystemClock_Config	88	static
../Core/Src/main.c:189:13:MX_ADC1_Init	56	static
../Core/Src/main.c:257:13:MX_ADC2_Init	40	static
../Core/Src/main.c:316:13:MX_TIM1_Init	104	static
../Core/Src/main.c:396:13:MX_TIM3_Init	40	static
../Core/Src/main.c:440:13:MX_USART2_UART_Init	8	static
../Core/Src/main.c:488:13:MX_USART3_UART_Init	8	static
../Core/Src/main.c:536:13:MX_GPIO_Init	48	static
../Core/Src/main.c:595:6:HAL_TIM_PeriodElapsedCallback	16	static
../Core/Src/main.c:612:6:Error_Handler	4	static,ignoring_inline_asm
