../Core/Src/main.c:125:5:control_speed	24	static
../Core/Src/main.c:148:7:ConvertADCToCurrent	24	static
../Core/Src/main.c:162:5:main	208	static
../Core/Src/main.c:329:6:SystemClock_Config	88	static
../Core/Src/main.c:375:13:MX_ADC1_Init	56	static
../Core/Src/main.c:443:13:MX_ADC2_Init	40	static
../Core/Src/main.c:502:13:MX_TIM1_Init	120	static
../Core/Src/main.c:590:13:MX_TIM3_Init	40	static
../Core/Src/main.c:634:13:MX_USART2_UART_Init	8	static
../Core/Src/main.c:682:13:MX_USART3_UART_Init	8	static
../Core/Src/main.c:730:13:MX_GPIO_Init	48	static
../Core/Src/main.c:779:6:HAL_UART_RxCpltCallback	16	static
../Core/Src/main.c:794:6:HAL_TIM_PeriodElapsedCallback	16	static
../Core/Src/main.c:811:6:Error_Handler	4	static,ignoring_inline_asm
