../Core/Src/main.c:120:5:control_speed	24	static
../Core/Src/main.c:149:5:main	152	static
../Core/Src/main.c:300:6:SystemClock_Config	88	static
../Core/Src/main.c:346:13:MX_ADC1_Init	56	static
../Core/Src/main.c:414:13:MX_ADC2_Init	40	static
../Core/Src/main.c:473:13:MX_TIM1_Init	120	static
../Core/Src/main.c:561:13:MX_TIM3_Init	40	static
../Core/Src/main.c:605:13:MX_USART2_UART_Init	8	static
../Core/Src/main.c:653:13:MX_USART3_UART_Init	8	static
../Core/Src/main.c:701:13:MX_GPIO_Init	48	static
../Core/Src/main.c:750:6:HAL_UART_RxCpltCallback	16	static
../Core/Src/main.c:765:6:HAL_TIM_PeriodElapsedCallback	16	static
../Core/Src/main.c:782:6:Error_Handler	4	static,ignoring_inline_asm
